0:11(14): warning: `willBeDefined' used uninitialized
